{
  + id: null
  + key2: value2
  + numbers1: [1, 2, 3, 4]
  + numbers2: [22, 33, 44, 55]
  + setting1: Another value
  + setting2: 300
  + setting3: none
}