[{"type":"none","value":["a","b","c"],"key":"chars1"},{"newValue":false,"oldValue":["d","e","f"],"type":"updated","key":"chars2"},{"newValue":true,"oldValue":false,"type":"updated","key":"checked"},{"newValue":["value1","value2"],"oldValue":null,"type":"updated","key":"default"},{"newValue":null,"oldValue":45,"type":"updated","key":"id"},{"type":"removed","value":"value1","key":"key1"},{"type":"added","value":"value2","key":"key2"},{"type":"none","value":[1,2,3,4],"key":"numbers1"},{"newValue":[22,33,44,55],"oldValue":[2,3,4,5],"type":"updated","key":"numbers2"},{"type":"removed","value":[3,4,5],"key":"numbers3"},{"type":"added","value":[4,5,6],"key":"numbers4"},{"type":"added","value":{"nestedKey":"value","isNested":true},"key":"obj1"},{"newValue":"Another value","oldValue":"Some value","type":"updated","key":"setting1"},{"newValue":300,"oldValue":200,"type":"updated","key":"setting2"},{"newValue":"none","oldValue":true,"type":"updated","key":"setting3"}]